[    3011ms] [ERROR] Error: Not connected to alive
    at a (https://github.githubassets.com/assets/71482-58497068f8214f70.js:2:3761)
    at https://github.githubassets.com/assets/70870-d5676dee4832740a.js:5:114738 @ https://github.githubassets.com/assets/70870-d5676dee4832740a.js:4
[    3012ms] [ERROR] Error: Not connected to alive
    at a (https://github.githubassets.com/assets/71482-58497068f8214f70.js:2:3761)
    at https://github.githubassets.com/assets/70870-d5676dee4832740a.js:5:114738 @ https://github.githubassets.com/assets/70870-d5676dee4832740a.js:4
[    3012ms] [ERROR] Error: Not connected to alive
    at a (https://github.githubassets.com/assets/71482-58497068f8214f70.js:2:3761)
    at https://github.githubassets.com/assets/70870-d5676dee4832740a.js:5:114738 @ https://github.githubassets.com/assets/70870-d5676dee4832740a.js:4
[    3035ms] [ERROR] Failed to load resource: net::ERR_NETWORK_CHANGED @ https://github.com/commits/badges:0
[    3037ms] [ERROR] Failed to load resource: net::ERR_NETWORK_CHANGED @ https://github.com/microsoft/vscode/commits/checks-statuses-rollups:0
[    3046ms] TypeError: Failed to fetch
    at n.cg.n.cg.fetch (https://github.githubassets.com/assets/fetch-utilities-3140609b5732710f.js:3:5457)
    at l.load (https://github.githubassets.com/assets/behaviors-b0ec4c6cbdda67ec.js:27:67296)
    at https://github.githubassets.com/assets/behaviors-b0ec4c6cbdda67ec.js:27:66925
    at https://github.githubassets.com/assets/behaviors-b0ec4c6cbdda67ec.js:27:66742
    at Array.map (<anonymous>)
    at s.flush (https://github.githubassets.com/assets/behaviors-b0ec4c6cbdda67ec.js:27:66735)
    at https://github.githubassets.com/assets/behaviors-b0ec4c6cbdda67ec.js:27:66548
[    3049ms] TypeError: Failed to fetch
    at n.cg.n.cg.fetch (https://github.githubassets.com/assets/fetch-utilities-3140609b5732710f.js:3:5457)
    at l.load (https://github.githubassets.com/assets/behaviors-b0ec4c6cbdda67ec.js:27:67296)
    at https://github.githubassets.com/assets/behaviors-b0ec4c6cbdda67ec.js:27:66925
    at https://github.githubassets.com/assets/behaviors-b0ec4c6cbdda67ec.js:27:66742
    at Array.map (<anonymous>)
    at s.flush (https://github.githubassets.com/assets/behaviors-b0ec4c6cbdda67ec.js:27:66735)
    at https://github.githubassets.com/assets/behaviors-b0ec4c6cbdda67ec.js:27:66548
[    4296ms] [ERROR] Failed to load resource: the server responded with a status of 503 () @ https://collector.github.com/github/collect:0
[    5273ms] [ERROR] Failed to load resource: the server responded with a status of 503 () @ https://collector.github.com/github/collect:0
[   12212ms] [ERROR] Failed to load resource: the server responded with a status of 503 () @ https://collector.github.com/github/collect:0
[   14150ms] [ERROR] Failed to load resource: the server responded with a status of 503 () @ https://collector.github.com/github/collect:0
[   18490ms] [ERROR] Failed to load resource: the server responded with a status of 503 () @ https://collector.github.com/github/collect:0
[   41040ms] [ERROR] Error: Not connected to alive
    at a (https://github.githubassets.com/assets/71482-58497068f8214f70.js:2:3761)
    at https://github.githubassets.com/assets/70870-d5676dee4832740a.js:5:114738 @ https://github.githubassets.com/assets/70870-d5676dee4832740a.js:4
[   41040ms] [ERROR] Error: Not connected to alive
    at a (https://github.githubassets.com/assets/71482-58497068f8214f70.js:2:3761)
    at https://github.githubassets.com/assets/70870-d5676dee4832740a.js:5:114738 @ https://github.githubassets.com/assets/70870-d5676dee4832740a.js:4
[   41040ms] [ERROR] Error: Not connected to alive
    at a (https://github.githubassets.com/assets/71482-58497068f8214f70.js:2:3761)
    at https://github.githubassets.com/assets/70870-d5676dee4832740a.js:5:114738 @ https://github.githubassets.com/assets/70870-d5676dee4832740a.js:4
[   41513ms] [ERROR] Failed to load resource: the server responded with a status of 503 () @ https://collector.github.com/github/collect:0
[   41597ms] [ERROR] Failed to load resource: the server responded with a status of 503 () @ https://collector.github.com/github/collect:0
[   41728ms] [ERROR] Failed to load resource: the server responded with a status of 503 () @ https://collector.github.com/github/collect:0
[   43081ms] [ERROR] Failed to load resource: the server responded with a status of 503 () @ https://collector.github.com/github/collect:0
[   47679ms] [ERROR] Failed to load resource: the server responded with a status of 503 () @ https://collector.github.com/github/collect:0
[   84122ms] [ERROR] Error: Not connected to alive
    at a (https://github.githubassets.com/assets/71482-58497068f8214f70.js:2:3761)
    at https://github.githubassets.com/assets/70870-d5676dee4832740a.js:5:114738 @ https://github.githubassets.com/assets/70870-d5676dee4832740a.js:4
[   84123ms] [ERROR] Error: Not connected to alive
    at a (https://github.githubassets.com/assets/71482-58497068f8214f70.js:2:3761)
    at https://github.githubassets.com/assets/70870-d5676dee4832740a.js:5:114738 @ https://github.githubassets.com/assets/70870-d5676dee4832740a.js:4
[   84123ms] [ERROR] Error: Not connected to alive
    at a (https://github.githubassets.com/assets/71482-58497068f8214f70.js:2:3761)
    at https://github.githubassets.com/assets/70870-d5676dee4832740a.js:5:114738 @ https://github.githubassets.com/assets/70870-d5676dee4832740a.js:4
[   84450ms] [ERROR] Failed to load resource: the server responded with a status of 503 () @ https://collector.github.com/github/collect:0
[   85525ms] [ERROR] Failed to load resource: the server responded with a status of 503 () @ https://collector.github.com/github/collect:0
[   89931ms] [ERROR] Failed to load resource: the server responded with a status of 503 () @ https://collector.github.com/github/collect:0
