[    2235ms] [ERROR] Error: Not connected to alive
    at a (https://github.githubassets.com/assets/71482-58497068f8214f70.js:2:3761)
    at https://github.githubassets.com/assets/70870-d5676dee4832740a.js:5:114738 @ https://github.githubassets.com/assets/70870-d5676dee4832740a.js:4
[    2235ms] [ERROR] Error: Not connected to alive
    at a (https://github.githubassets.com/assets/71482-58497068f8214f70.js:2:3761)
    at https://github.githubassets.com/assets/70870-d5676dee4832740a.js:5:114738 @ https://github.githubassets.com/assets/70870-d5676dee4832740a.js:4
[    2235ms] [ERROR] Error: Not connected to alive
    at a (https://github.githubassets.com/assets/71482-58497068f8214f70.js:2:3761)
    at https://github.githubassets.com/assets/70870-d5676dee4832740a.js:5:114738 @ https://github.githubassets.com/assets/70870-d5676dee4832740a.js:4
[    3083ms] [ERROR] Failed to load resource: the server responded with a status of 503 () @ https://collector.github.com/github/collect:0
[   24691ms] [ERROR] Error: Not connected to alive
    at a (https://github.githubassets.com/assets/71482-58497068f8214f70.js:2:3761)
    at https://github.githubassets.com/assets/70870-d5676dee4832740a.js:5:114738 @ https://github.githubassets.com/assets/70870-d5676dee4832740a.js:4
[   24691ms] [ERROR] Error: Not connected to alive
    at a (https://github.githubassets.com/assets/71482-58497068f8214f70.js:2:3761)
    at https://github.githubassets.com/assets/70870-d5676dee4832740a.js:5:114738 @ https://github.githubassets.com/assets/70870-d5676dee4832740a.js:4
[   24691ms] [ERROR] Error: Not connected to alive
    at a (https://github.githubassets.com/assets/71482-58497068f8214f70.js:2:3761)
    at https://github.githubassets.com/assets/70870-d5676dee4832740a.js:5:114738 @ https://github.githubassets.com/assets/70870-d5676dee4832740a.js:4
[   25071ms] [ERROR] Failed to load resource: the server responded with a status of 503 () @ https://collector.github.com/github/collect:0
[   27040ms] [ERROR] Failed to load resource: the server responded with a status of 503 () @ https://collector.github.com/github/collect:0
[   31655ms] [ERROR] Error: Not connected to alive
    at a (https://github.githubassets.com/assets/71482-58497068f8214f70.js:2:3761)
    at https://github.githubassets.com/assets/70870-d5676dee4832740a.js:5:114738 @ https://github.githubassets.com/assets/70870-d5676dee4832740a.js:4
[   31656ms] [ERROR] Error: Not connected to alive
    at a (https://github.githubassets.com/assets/71482-58497068f8214f70.js:2:3761)
    at https://github.githubassets.com/assets/70870-d5676dee4832740a.js:5:114738 @ https://github.githubassets.com/assets/70870-d5676dee4832740a.js:4
[   31656ms] [ERROR] Error: Not connected to alive
    at a (https://github.githubassets.com/assets/71482-58497068f8214f70.js:2:3761)
    at https://github.githubassets.com/assets/70870-d5676dee4832740a.js:5:114738 @ https://github.githubassets.com/assets/70870-d5676dee4832740a.js:4
[   32979ms] [ERROR] Failed to load resource: the server responded with a status of 503 () @ https://collector.github.com/github/collect:0
[   33183ms] [ERROR] Failed to load resource: the server responded with a status of 503 () @ https://collector.github.com/github/collect:0
[   33398ms] [ERROR] Failed to load resource: the server responded with a status of 503 () @ https://collector.github.com/github/collect:0
[   36086ms] [ERROR] Failed to load resource: the server responded with a status of 503 () @ https://collector.github.com/github/collect:0
[   36283ms] [ERROR] Error: Not connected to alive
    at a (https://github.githubassets.com/assets/71482-58497068f8214f70.js:2:3761)
    at https://github.githubassets.com/assets/70870-d5676dee4832740a.js:5:114738 @ https://github.githubassets.com/assets/70870-d5676dee4832740a.js:4
[   36283ms] [ERROR] Error: Not connected to alive
    at a (https://github.githubassets.com/assets/71482-58497068f8214f70.js:2:3761)
    at https://github.githubassets.com/assets/70870-d5676dee4832740a.js:5:114738 @ https://github.githubassets.com/assets/70870-d5676dee4832740a.js:4
[   36440ms] [ERROR] Failed to load resource: the server responded with a status of 503 () @ https://collector.github.com/github/collect:0
[   39227ms] [ERROR] Failed to load resource: the server responded with a status of 503 () @ https://collector.github.com/github/collect:0
[   39443ms] [ERROR] Failed to load resource: the server responded with a status of 503 () @ https://collector.github.com/github/collect:0
[   41378ms] [ERROR] Failed to load resource: the server responded with a status of 503 () @ https://collector.github.com/github/collect:0
[   54980ms] [ERROR] Failed to load resource: the server responded with a status of 503 () @ https://collector.github.com/github/collect:0
