[    2146ms] [ERROR] Error: Not connected to alive
    at a (https://github.githubassets.com/assets/71482-58497068f8214f70.js:2:3761)
    at https://github.githubassets.com/assets/70870-d5676dee4832740a.js:5:114738 @ https://github.githubassets.com/assets/70870-d5676dee4832740a.js:4
[    2146ms] [ERROR] Error: Not connected to alive
    at a (https://github.githubassets.com/assets/71482-58497068f8214f70.js:2:3761)
    at https://github.githubassets.com/assets/70870-d5676dee4832740a.js:5:114738 @ https://github.githubassets.com/assets/70870-d5676dee4832740a.js:4
[    2147ms] [ERROR] Error: Not connected to alive
    at a (https://github.githubassets.com/assets/71482-58497068f8214f70.js:2:3761)
    at https://github.githubassets.com/assets/70870-d5676dee4832740a.js:5:114738 @ https://github.githubassets.com/assets/70870-d5676dee4832740a.js:4
[    2754ms] [ERROR] Failed to load resource: the server responded with a status of 503 () @ https://collector.github.com/github/collect:0
[    2946ms] [ERROR] Failed to load resource: the server responded with a status of 503 () @ https://collector.github.com/github/collect:0
[    3166ms] [ERROR] Failed to load resource: the server responded with a status of 503 () @ https://collector.github.com/github/collect:0
[    3979ms] [ERROR] Failed to load resource: the server responded with a status of 503 () @ https://collector.github.com/github/collect:0
[    7479ms] [ERROR] Failed to load resource: the server responded with a status of 503 () @ https://collector.github.com/github/collect:0
[   11562ms] [ERROR] Failed to load resource: the server responded with a status of 503 () @ https://collector.github.com/github/collect:0
[  130361ms] [ERROR] Error: Not connected to alive
    at a (https://github.githubassets.com/assets/71482-58497068f8214f70.js:2:3761)
    at https://github.githubassets.com/assets/70870-d5676dee4832740a.js:5:114738 @ https://github.githubassets.com/assets/70870-d5676dee4832740a.js:4
[  130362ms] [ERROR] Error: Not connected to alive
    at a (https://github.githubassets.com/assets/71482-58497068f8214f70.js:2:3761)
    at https://github.githubassets.com/assets/70870-d5676dee4832740a.js:5:114738 @ https://github.githubassets.com/assets/70870-d5676dee4832740a.js:4
[  130362ms] [ERROR] Error: Not connected to alive
    at a (https://github.githubassets.com/assets/71482-58497068f8214f70.js:2:3761)
    at https://github.githubassets.com/assets/70870-d5676dee4832740a.js:5:114738 @ https://github.githubassets.com/assets/70870-d5676dee4832740a.js:4
[  130794ms] [ERROR] Failed to load resource: the server responded with a status of 503 () @ https://collector.github.com/github/collect:0
[  132001ms] [ERROR] Failed to load resource: the server responded with a status of 503 () @ https://collector.github.com/github/collect:0
